Archive member included to satisfy reference by file (symbol)

C:/ST/STM32CubeIDE_1.15.0/STM32CubeIDE/plugins/com.st.stm32cube.ide.mcu.externaltools.gnu-tools-for-stm32.12.3.rel1.win32_1.0.100.202403111256/tools/bin/../lib/gcc/arm-none-eabi/12.3.1/../../../../arm-none-eabi/lib/thumb/v7e-m+dp/hard\libc_nano.a(libc_a-exit.o)
                              C:/ST/STM32CubeIDE_1.15.0/STM32CubeIDE/plugins/com.st.stm32cube.ide.mcu.externaltools.gnu-tools-for-stm32.12.3.rel1.win32_1.0.100.202403111256/tools/bin/../lib/gcc/arm-none-eabi/12.3.1/../../../../arm-none-eabi/lib/thumb/v7e-m+dp/hard/crt0.o (exit)
C:/ST/STM32CubeIDE_1.15.0/STM32CubeIDE/plugins/com.st.stm32cube.ide.mcu.externaltools.gnu-tools-for-stm32.12.3.rel1.win32_1.0.100.202403111256/tools/bin/../lib/gcc/arm-none-eabi/12.3.1/../../../../arm-none-eabi/lib/thumb/v7e-m+dp/hard\libc_nano.a(libc_a-findfp.o)
                              C:/ST/STM32CubeIDE_1.15.0/STM32CubeIDE/plugins/com.st.stm32cube.ide.mcu.externaltools.gnu-tools-for-stm32.12.3.rel1.win32_1.0.100.202403111256/tools/bin/../lib/gcc/arm-none-eabi/12.3.1/../../../../arm-none-eabi/lib/thumb/v7e-m+dp/hard\libc_nano.a(libc_a-exit.o) (__stdio_exit_handler)
C:/ST/STM32CubeIDE_1.15.0/STM32CubeIDE/plugins/com.st.stm32cube.ide.mcu.externaltools.gnu-tools-for-stm32.12.3.rel1.win32_1.0.100.202403111256/tools/bin/../lib/gcc/arm-none-eabi/12.3.1/../../../../arm-none-eabi/lib/thumb/v7e-m+dp/hard\libc_nano.a(libc_a-fwalk.o)
                              C:/ST/STM32CubeIDE_1.15.0/STM32CubeIDE/plugins/com.st.stm32cube.ide.mcu.externaltools.gnu-tools-for-stm32.12.3.rel1.win32_1.0.100.202403111256/tools/bin/../lib/gcc/arm-none-eabi/12.3.1/../../../../arm-none-eabi/lib/thumb/v7e-m+dp/hard\libc_nano.a(libc_a-findfp.o) (_fwalk_sglue)
C:/ST/STM32CubeIDE_1.15.0/STM32CubeIDE/plugins/com.st.stm32cube.ide.mcu.externaltools.gnu-tools-for-stm32.12.3.rel1.win32_1.0.100.202403111256/tools/bin/../lib/gcc/arm-none-eabi/12.3.1/../../../../arm-none-eabi/lib/thumb/v7e-m+dp/hard\libc_nano.a(libc_a-stdio.o)
                              C:/ST/STM32CubeIDE_1.15.0/STM32CubeIDE/plugins/com.st.stm32cube.ide.mcu.externaltools.gnu-tools-for-stm32.12.3.rel1.win32_1.0.100.202403111256/tools/bin/../lib/gcc/arm-none-eabi/12.3.1/../../../../arm-none-eabi/lib/thumb/v7e-m+dp/hard\libc_nano.a(libc_a-findfp.o) (__sread)
C:/ST/STM32CubeIDE_1.15.0/STM32CubeIDE/plugins/com.st.stm32cube.ide.mcu.externaltools.gnu-tools-for-stm32.12.3.rel1.win32_1.0.100.202403111256/tools/bin/../lib/gcc/arm-none-eabi/12.3.1/../../../../arm-none-eabi/lib/thumb/v7e-m+dp/hard\libc_nano.a(libc_a-memset.o)
                              C:/ST/STM32CubeIDE_1.15.0/STM32CubeIDE/plugins/com.st.stm32cube.ide.mcu.externaltools.gnu-tools-for-stm32.12.3.rel1.win32_1.0.100.202403111256/tools/bin/../lib/gcc/arm-none-eabi/12.3.1/../../../../arm-none-eabi/lib/thumb/v7e-m+dp/hard/crt0.o (memset)
C:/ST/STM32CubeIDE_1.15.0/STM32CubeIDE/plugins/com.st.stm32cube.ide.mcu.externaltools.gnu-tools-for-stm32.12.3.rel1.win32_1.0.100.202403111256/tools/bin/../lib/gcc/arm-none-eabi/12.3.1/../../../../arm-none-eabi/lib/thumb/v7e-m+dp/hard\libc_nano.a(libc_a-closer.o)
                              C:/ST/STM32CubeIDE_1.15.0/STM32CubeIDE/plugins/com.st.stm32cube.ide.mcu.externaltools.gnu-tools-for-stm32.12.3.rel1.win32_1.0.100.202403111256/tools/bin/../lib/gcc/arm-none-eabi/12.3.1/../../../../arm-none-eabi/lib/thumb/v7e-m+dp/hard\libc_nano.a(libc_a-stdio.o) (_close_r)
C:/ST/STM32CubeIDE_1.15.0/STM32CubeIDE/plugins/com.st.stm32cube.ide.mcu.externaltools.gnu-tools-for-stm32.12.3.rel1.win32_1.0.100.202403111256/tools/bin/../lib/gcc/arm-none-eabi/12.3.1/../../../../arm-none-eabi/lib/thumb/v7e-m+dp/hard\libc_nano.a(libc_a-reent.o)
                              C:/ST/STM32CubeIDE_1.15.0/STM32CubeIDE/plugins/com.st.stm32cube.ide.mcu.externaltools.gnu-tools-for-stm32.12.3.rel1.win32_1.0.100.202403111256/tools/bin/../lib/gcc/arm-none-eabi/12.3.1/../../../../arm-none-eabi/lib/thumb/v7e-m+dp/hard\libc_nano.a(libc_a-closer.o) (errno)
C:/ST/STM32CubeIDE_1.15.0/STM32CubeIDE/plugins/com.st.stm32cube.ide.mcu.externaltools.gnu-tools-for-stm32.12.3.rel1.win32_1.0.100.202403111256/tools/bin/../lib/gcc/arm-none-eabi/12.3.1/../../../../arm-none-eabi/lib/thumb/v7e-m+dp/hard\libc_nano.a(libc_a-impure.o)
                              C:/ST/STM32CubeIDE_1.15.0/STM32CubeIDE/plugins/com.st.stm32cube.ide.mcu.externaltools.gnu-tools-for-stm32.12.3.rel1.win32_1.0.100.202403111256/tools/bin/../lib/gcc/arm-none-eabi/12.3.1/../../../../arm-none-eabi/lib/thumb/v7e-m+dp/hard\libc_nano.a(libc_a-reent.o) (_impure_ptr)
C:/ST/STM32CubeIDE_1.15.0/STM32CubeIDE/plugins/com.st.stm32cube.ide.mcu.externaltools.gnu-tools-for-stm32.12.3.rel1.win32_1.0.100.202403111256/tools/bin/../lib/gcc/arm-none-eabi/12.3.1/../../../../arm-none-eabi/lib/thumb/v7e-m+dp/hard\libc_nano.a(libc_a-lseekr.o)
[...]
Memory Configuration

Name             Origin             Length             Attributes
RAM              0x20000000         0x00080000         xrw
FLASH            0x08000000         0x00200000         xr
*default*        0x00000000         0xffffffff

Linker script and memory map

LOAD C:/ST/STM32CubeIDE_1.15.0/STM32CubeIDE/plugins/com.st.stm32cube.ide.mcu.externaltools.gnu-tools-for-stm32.12.3.rel1.win32_1.0.100.202403111256/tools/bin/../lib/gcc/arm-none-eabi/12.3.1/thumb/v7e-m+dp/hard/crti.o
LOAD C:/ST/STM32CubeIDE_1.15.0/STM32CubeIDE/plugins/com.st.stm32cube.ide.mcu.externaltools.gnu-tools-for-stm32.12.3.rel1.win32_1.0.100.202403111256/tools/bin/../lib/gcc/arm-none-eabi/12.3.1/thumb/v7e-m+dp/hard/crtbegin.o
LOAD C:/ST/STM32CubeIDE_1.15.0/STM32CubeIDE/plugins/com.st.stm32cube.ide.mcu.externaltools.gnu-tools-for-stm32.12.3.rel1.win32_1.0.100.202403111256/tools/bin/../lib/gcc/arm-none-eabi/12.3.1/../../../../arm-none-eabi/lib/thumb/v7e-m+dp/hard/crt0.o
LOAD ./BSP/Src/rcc_bsp.o
LOAD ./BSP/Src/uart_bsp.o
LOAD ./Drivers/Src/gpio_drv.o
LOAD ./Drivers/Src/rcc_drv.o
LOAD ./Drivers/Src/uart_drv.o
LOAD ./Src/bsp.o
LOAD ./Src/clock.o
LOAD ./Src/gpio.o
LOAD ./Src/main.o
LOAD ./Src/rcc.o
LOAD ./Src/syscalls.o
LOAD ./Src/sysmem.o
LOAD ./Src/system.o
LOAD ./Src/timer.o
LOAD ./Src/uart.o
LOAD ./Src/watchdog.o
LOAD ./Startup/startup_stm32f767zitx.o
START GROUP
LOAD C:/ST/STM32CubeIDE_1.15.0/STM32CubeIDE/plugins/com.st.stm32cube.ide.mcu.externaltools.gnu-tools-for-stm32.12.3.rel1.win32_1.0.100.202403111256/tools/bin/../lib/gcc/arm-none-eabi/12.3.1/../../../../arm-none-eabi/lib/thumb/v7e-m+dp/hard\libc_nano.a
LOAD C:/ST/STM32CubeIDE_1.15.0/STM32CubeIDE/plugins/com.st.stm32cube.ide.mcu.externaltools.gnu-tools-for-stm32.12.3.rel1.win32_1.0.100.202403111256/tools/bin/../lib/gcc/arm-none-eabi/12.3.1/../../../../arm-none-eabi/lib/thumb/v7e-m+dp/hard\libm.a
END GROUP
START GROUP
LOAD C:/ST/STM32CubeIDE_1.15.0/STM32CubeIDE/plugins/com.st.stm32cube.ide.mcu.externaltools.gnu-tools-for-stm32.12.3.rel1.win32_1.0.100.202403111256/tools/bin/../lib/gcc/arm-none-eabi/12.3.1/thumb/v7e-m+dp/hard\libgcc.a
LOAD C:/ST/STM32CubeIDE_1.15.0/STM32CubeIDE/plugins/com.st.stm32cube.ide.mcu.externaltools.gnu-tools-for-stm32.12.3.rel1.win32_1.0.100.202403111256/tools/bin/../lib/gcc/arm-none-eabi/12.3.1/../../../../arm-none-eabi/lib/thumb/v7e-m+dp/hard\libc_nano.a
END GROUP
START GROUP
LOAD C:/ST/STM32CubeIDE_1.15.0/STM32CubeIDE/plugins/com.st.stm32cube.ide.mcu.externaltools.gnu-tools-for-stm32.12.3.rel1.win32_1.0.100.202403111256/tools/bin/../lib/gcc/arm-none-eabi/12.3.1/thumb/v7e-m+dp/hard\libgcc.a
LOAD C:/ST/STM32CubeIDE_1.15.0/STM32CubeIDE/plugins/com.st.stm32cube.ide.mcu.externaltools.gnu-tools-for-stm32.12.3.rel1.win32_1.0.100.202403111256/tools/bin/../lib/gcc/arm-none-eabi/12.3.1/../../../../arm-none-eabi/lib/thumb/v7e-m+dp/hard\libc_nano.a
LOAD C:/ST/STM32CubeIDE_1.15.0/STM32CubeIDE/plugins/com.st.stm32cube.ide.mcu.externaltools.gnu-tools-for-stm32.12.3.rel1.win32_1.0.100.202403111256/tools/bin/../lib/gcc/arm-none-eabi/12.3.1/../../../../arm-none-eabi/lib/thumb/v7e-m+dp/hard\libnosys.a
END GROUP
START GROUP
LOAD C:/ST/STM32CubeIDE_1.15.0/STM32CubeIDE/plugins/com.st.stm32cube.ide.mcu.externaltools.gnu-tools-for-stm32.12.3.rel1.win32_1.0.100.202403111256/tools/bin/../lib/gcc/arm-none-eabi/12.3.1/thumb/v7e-m+dp/hard\libgcc.a
LOAD C:/ST/STM32CubeIDE_1.15.0/STM32CubeIDE/plugins/com.st.stm32cube.ide.mcu.externaltools.gnu-tools-for-stm32.12.3.rel1.win32_1.0.100.202403111256/tools/bin/../lib/gcc/arm-none-eabi/12.3.1/../../../../arm-none-eabi/lib/thumb/v7e-m+dp/hard\libc_nano.a
LOAD C:/ST/STM32CubeIDE_1.15.0/STM32CubeIDE/plugins/com.st.stm32cube.ide.mcu.externaltools.gnu-tools-for-stm32.12.3.rel1.win32_1.0.100.202403111256/tools/bin/../lib/gcc/arm-none-eabi/12.3.1/../../../../arm-none-eabi/lib/thumb/v7e-m+dp/hard\libnosys.a
END GROUP
LOAD C:/ST/STM32CubeIDE_1.15.0/STM32CubeIDE/plugins/com.st.stm32cube.ide.mcu.externaltools.gnu-tools-for-stm32.12.3.rel1.win32_1.0.100.202403111256/tools/bin/../lib/gcc/arm-none-eabi/12.3.1/thumb/v7e-m+dp/hard/crtend.o
LOAD C:/ST/STM32CubeIDE_1.15.0/STM32CubeIDE/plugins/com.st.stm32cube.ide.mcu.externaltools.gnu-tools-for-stm32.12.3.rel1.win32_1.0.100.202403111256/tools/bin/../lib/gcc/arm-none-eabi/12.3.1/thumb/v7e-m+dp/hard/crtn.o
                0x20080000                        _estack = (ORIGIN (RAM) + LENGTH (RAM))
                0x00000200                        _Min_Heap_Size = 0x200
                0x00000400                        _Min_Stack_Size = 0x400

.isr_vector     0x08000000      0x1f8
                0x08000000                        . = ALIGN (0x4)
 *(.isr_vector)
 .isr_vector    0x08000000      0x1f8 ./Startup/startup_stm32f767zitx.o
                0x08000000                g_pfnVectors
                0x080001f8                        . = ALIGN (0x4)

.text           0x080001f8      0x934
                0x080001f8                        . = ALIGN (0x4)
 *(.text)
 .text          0x080001f8       0x40 C:/ST/STM32CubeIDE_1.15.0/STM32CubeIDE/plugins/com.st.stm32cube.ide.mcu.externaltools.gnu-tools-for-stm32.12.3.rel1.win32_1.0.100.202403111256/tools/bin/../lib/gcc/arm-none-eabi/12.3.1/thumb/v7e-m+dp/hard/crtbegin.o
 *(.text*)
 .text.uart_bsp_init
                0x08000238       0x4e ./BSP/Src/uart_bsp.o
                0x08000238                uart_bsp_init
 .text.set_2bit_field
                0x08000286       0x40 ./Drivers/Src/gpio_drv.o
 .text.set_1bit_field
                0x080002c6       0x3a ./Drivers/Src/gpio_drv.o
 .text.set_4bit_af
                0x08000300       0x58 ./Drivers/Src/gpio_drv.o
 .text.gpio_config
                0x08000358       0x7c ./Drivers/Src/gpio_drv.o
                0x08000358                gpio_config
 .text.gpio_toggle
                0x080003d4       0x3c ./Drivers/Src/gpio_drv.o
                0x080003d4                gpio_toggle
 .text.rcc_enable_gpio
                0x08000410      0x1c4 ./Drivers/Src/rcc_drv.o
                0x08000410                rcc_enable_gpio
 .text.rcc_enable_usart
                0x080005d4       0x48 ./Drivers/Src/rcc_drv.o
                0x080005d4                rcc_enable_usart
 .text.uart_init
                0x0800061c       0x42 ./Drivers/Src/uart_drv.o
                0x0800061c                uart_init
 *fill*         0x0800065e        0x2 
 .text.bsp_init
                0x08000660       0x24 ./Src/bsp.o
                0x08000660                bsp_init
 .text.bsp_led_toggle
                0x08000684       0x14 ./Src/bsp.o
                0x08000684                bsp_led_toggle
 .text.clock_init
                0x08000698       0xf8 ./Src/clock.o
                0x08000698                clock_init
 .text.main     0x08000790       0x38 ./Src/main.o
                0x08000790                main
 .text.SCB_EnableICache
                0x080007c8       0x4c ./Src/system.o
 .text.SCB_EnableDCache
                0x08000814       0x88 ./Src/system.o
 .text.fpu_enable
                0x0800089c       0x30 ./Src/system.o
                0x0800089c                fpu_enable
 .text.cache_enable
                0x080008cc       0x10 ./Src/system.o
                0x080008cc                cache_enable
 .text.mpu_init
                0x080008dc       0x5c ./Src/system.o
                0x080008dc                mpu_init
 .text.HardFault_Handler
                0x08000938        0xe ./Src/system.o
                0x08000938                HardFault_Handler
 .text.MemManage_Handler
                0x08000946        0xe ./Src/system.o
                0x08000946                MemManage_Handler
 .text.system_init
                0x08000954       0x2c ./Src/system.o
                0x08000954                system_init
 .text.timer_init
                0x08000980       0x34 ./Src/timer.o
                0x08000980                timer_init
 .text.timer_get_ms
                0x080009b4       0x18 ./Src/timer.o
                0x080009b4                timer_get_ms
 .text.timer_elapsed
                0x080009cc       0x36 ./Src/timer.o
                0x080009cc                timer_elapsed
 *fill*         0x08000a02        0x2 
 .text.SysTick_Handler
                0x08000a04       0x1c ./Src/timer.o
                0x08000a04                SysTick_Handler
 .text.iwdg_init
                0x08000a20       0x30 ./Src/watchdog.o
                0x08000a20                iwdg_init
 .text.kick_watchdog
                0x08000a50       0x1c ./Src/watchdog.o
                0x08000a50                kick_watchdog
 .text.watchdog_init
                0x08000a6c        0xc ./Src/watchdog.o
                0x08000a6c                watchdog_init
 .text.Reset_Handler
                0x08000a78       0x50 ./Startup/startup_stm32f767zitx.o
                0x08000a78                Reset_Handler
 .text.Default_Handler
                0x08000ac8        0x2 ./Startup/startup_stm32f767zitx.o
                0x08000ac8                HASH_RNG_IRQHandler
                0x08000ac8                EXTI2_IRQHandler
                0x08000ac8                TIM8_CC_IRQHandler
                0x08000ac8                DebugMon_Handler
                0x08000ac8                UART8_IRQHandler
                0x08000ac8                LP_Timer1_IRQHandler
                0x08000ac8                SPI4_IRQHandler
                0x08000ac8                TIM1_CC_IRQHandler
                0x08000ac8                QuadSPI_IRQHandler
                0x08000ac8                DMA2_Stream5_IRQHandler
                0x08000ac8                JPEG_IRQHandler
                0x08000ac8                DSIHOST_IRQHandler
                0x08000ac8                DMA1_Stream5_IRQHandler
                0x08000ac8                CAN3_RX1_IRQHandler
                0x08000ac8                PVD_IRQHandler
                0x08000ac8                TAMP_STAMP_IRQHandler
                0x08000ac8                PendSV_Handler
                0x08000ac8                NMI_Handler
                0x08000ac8                CAN2_RX1_IRQHandler
                0x08000ac8                EXTI3_IRQHandler
                0x08000ac8                TIM8_TRG_COM_TIM14_IRQHandler
                0x08000ac8                DFSDM1_FLT1_IRQHandler
                0x08000ac8                TIM1_UP_TIM10_IRQHandler
                0x08000ac8                TIM8_UP_TIM13_IRQHandler
                0x08000ac8                I2C3_ER_IRQHandler
                0x08000ac8                DFSDM1_FLT2_IRQHandler
                0x08000ac8                LCD_TFT_IRQHandler
                0x08000ac8                EXTI0_IRQHandler
                0x08000ac8                I2C2_EV_IRQHandler
                0x08000ac8                DMA1_Stream2_IRQHandler
                0x08000ac8                CAN1_RX0_IRQHandler
                0x08000ac8                FPU_IRQHandler
                0x08000ac8                OTG_HS_WKUP_IRQHandler
                0x08000ac8                CAN3_SCE_IRQHandler
                0x08000ac8                UsageFault_Handler
                0x08000ac8                CAN2_SCE_IRQHandler
                0x08000ac8                DMA2_Stream2_IRQHandler
                0x08000ac8                SPI1_IRQHandler
                0x08000ac8                TIM6_DAC_IRQHandler
                0x08000ac8                TIM1_BRK_TIM9_IRQHandler
                0x08000ac8                DCMI_IRQHandler
                0x08000ac8                CAN2_RX0_IRQHandler
                0x08000ac8                DMA2_Stream3_IRQHandler
                0x08000ac8                RTC_ALARM_IRQHandler
                0x08000ac8                SAI2_IRQHandler
                0x08000ac8                DFSDM1_FLT3_IRQHandler
                0x08000ac8                USART6_IRQHandler
                0x08000ac8                CAN3_RX0_IRQHandler
                0x08000ac8                USART3_IRQHandler
                0x08000ac8                CRYP_IRQHandler
                0x08000ac8                CAN1_RX1_IRQHandler
                0x08000ac8                UART5_IRQHandler
                0x08000ac8                DMA2_Stream0_IRQHandler
                0x08000ac8                TIM4_IRQHandler
                0x08000ac8                I2C1_EV_IRQHandler
                0x08000ac8                DMA1_Stream6_IRQHandler
                0x08000ac8                DMA1_Stream1_IRQHandler
                0x08000ac8                UART4_IRQHandler
                0x08000ac8                LCD_TFT_1_IRQHandler
                0x08000ac8                TIM3_IRQHandler
                0x08000ac8                RCC_IRQHandler
                0x08000ac8                TIM8_BRK_TIM12_IRQHandler
                0x08000ac8                Default_Handler
                0x08000ac8                EXTI15_10_IRQHandler
                0x08000ac8                ADC_IRQHandler
                0x08000ac8                DMA1_Stream7_IRQHandler
                0x08000ac8                SPI5_IRQHandler
                0x08000ac8                TIM7_IRQHandler
                0x08000ac8                SDMMC1_IRQHandler
                0x08000ac8                CAN2_TX_IRQHandler
                0x08000ac8                TIM5_IRQHandler
                0x08000ac8                DMA2_Stream7_IRQHandler
                0x08000ac8                I2C3_EV_IRQHandler
                0x08000ac8                EXTI9_5_IRQHandler
                0x08000ac8                RTC_WKUP_IRQHandler
                0x08000ac8                ETH_WKUP_IRQHandler
                0x08000ac8                SPI2_IRQHandler
                0x08000ac8                OTG_HS_EP1_IN_IRQHandler
                0x08000ac8                DMA1_Stream0_IRQHandler
                0x08000ac8                CAN1_TX_IRQHandler
                0x08000ac8                SVC_Handler
                0x08000ac8                EXTI4_IRQHandler
                0x08000ac8                ETH_IRQHandler
                0x08000ac8                OTG_HS_EP1_OUT_IRQHandler
                0x08000ac8                WWDG_IRQHandler
                0x08000ac8                SPI6_IRQHandler
                0x08000ac8                MDIOS_IRQHandler
                0x08000ac8                I2C4_EV_IRQHandler
                0x08000ac8                CAN3_TX_IRQHandler
                0x08000ac8                TIM2_IRQHandler
                0x08000ac8                OTG_FS_WKUP_IRQHandler
                0x08000ac8                TIM1_TRG_COM_TIM11_IRQHandler
                0x08000ac8                OTG_HS_IRQHandler
                0x08000ac8                DMA2D_IRQHandler
                0x08000ac8                EXTI1_IRQHandler
                0x08000ac8                SDMMC2_IRQHandler
                0x08000ac8                UART7_IRQHandler
                0x08000ac8                USART2_IRQHandler
                0x08000ac8                DFSDM1_FLT0_IRQHandler
                0x08000ac8                I2C2_ER_IRQHandler
                0x08000ac8                SPDIFRX_IRQHandler
                0x08000ac8                DMA2_Stream1_IRQHandler
                0x08000ac8                CAN1_SCE_IRQHandler
                0x08000ac8                FLASH_IRQHandler
                0x08000ac8                DMA2_Stream4_IRQHandler
                0x08000ac8                BusFault_Handler
                0x08000ac8                USART1_IRQHandler
                0x08000ac8                OTG_FS_IRQHandler
                0x08000ac8                SPI3_IRQHandler
                0x08000ac8                DMA1_Stream4_IRQHandler
                0x08000ac8                I2C1_ER_IRQHandler
                0x08000ac8                FMC_IRQHandler
                0x08000ac8                I2C4_ER_IRQHandler
                0x08000ac8                DMA2_Stream6_IRQHandler
                0x08000ac8                SAI1_IRQHandler
                0x08000ac8                DMA1_Stream3_IRQHandler
 *fill*         0x08000aca        0x2 
 .text.__libc_init_array
                0x08000acc       0x48 C:/ST/STM32CubeIDE_1.15.0/STM32CubeIDE/plugins/com.st.stm32cube.ide.mcu.externaltools.gnu-tools-for-stm32.12.3.rel1.win32_1.0.100.202403111256/tools/bin/../lib/gcc/arm-none-eabi/12.3.1/../../../../arm-none-eabi/lib/thumb/v7e-m+dp/hard\libc_nano.a(libc_a-init.o)
                0x08000acc                __libc_init_array
 *(.glue_7)
 .glue_7        0x08000b14        0x0 linker stubs
 *(.glue_7t)
 .glue_7t       0x08000b14        0x0 linker stubs
 *(.eh_frame)
 .eh_frame      0x08000b14        0x0 C:/ST/STM32CubeIDE_1.15.0/STM32CubeIDE/plugins/com.st.stm32cube.ide.mcu.externaltools.gnu-tools-for-stm32.12.3.rel1.win32_1.0.100.202403111256/tools/bin/../lib/gcc/arm-none-eabi/12.3.1/thumb/v7e-m+dp/hard/crtbegin.o
 *(.init)
 .init          0x08000b14        0x4 C:/ST/STM32CubeIDE_1.15.0/STM32CubeIDE/plugins/com.st.stm32cube.ide.mcu.externaltools.gnu-tools-for-stm32.12.3.rel1.win32_1.0.100.202403111256/tools/bin/../lib/gcc/arm-none-eabi/12.3.1/thumb/v7e-m+dp/hard/crti.o
                0x08000b14                _init
 .init          0x08000b18        0x8 C:/ST/STM32CubeIDE_1.15.0/STM32CubeIDE/plugins/com.st.stm32cube.ide.mcu.externaltools.gnu-tools-for-stm32.12.3.rel1.win32_1.0.100.202403111256/tools/bin/../lib/gcc/arm-none-eabi/12.3.1/thumb/v7e-m+dp/hard/crtn.o
 *(.fini)
 .fini          0x08000b20        0x4 C:/ST/STM32CubeIDE_1.15.0/STM32CubeIDE/plugins/com.st.stm32cube.ide.mcu.externaltools.gnu-tools-for-stm32.12.3.rel1.win32_1.0.100.202403111256/tools/bin/../lib/gcc/arm-none-eabi/12.3.1/thumb/v7e-m+dp/hard/crti.o
                0x08000b20                _fini
 .fini          0x08000b24        0x8 C:/ST/STM32CubeIDE_1.15.0/STM32CubeIDE/plugins/com.st.stm32cube.ide.mcu.externaltools.gnu-tools-for-stm32.12.3.rel1.win32_1.0.100.202403111256/tools/bin/../lib/gcc/arm-none-eabi/12.3.1/thumb/v7e-m+dp/hard/crtn.o
                0x08000b2c                        . = ALIGN (0x4)
                0x08000b2c                        _etext = .

.vfp11_veneer   0x08000b2c        0x0
 .vfp11_veneer  0x08000b2c        0x0 linker stubs

.v4_bx          0x08000b2c        0x0
 .v4_bx         0x08000b2c        0x0 linker stubs

.iplt           0x08000b2c        0x0
 .iplt          0x08000b2c        0x0 C:/ST/STM32CubeIDE_1.15.0/STM32CubeIDE/plugins/com.st.stm32cube.ide.mcu.externaltools.gnu-tools-for-stm32.12.3.rel1.win32_1.0.100.202403111256/tools/bin/../lib/gcc/arm-none-eabi/12.3.1/thumb/v7e-m+dp/hard/crtbegin.o

.rodata         0x08000b2c        0x8
                0x08000b2c                        . = ALIGN (0x4)
 *(.rodata)
 *(.rodata*)
 .rodata.led_cfg.0
                0x08000b2c        0x5 ./Src/bsp.o
                0x08000b34                        . = ALIGN (0x4)
 *fill*         0x08000b31        0x3 

.ARM.extab      0x08000b34        0x0
                0x08000b34                        . = ALIGN (0x4)
 *(.ARM.extab* .gnu.linkonce.armextab.*)
                0x08000b34                        . = ALIGN (0x4)

.ARM            0x08000b34        0x0
                0x08000b34                        . = ALIGN (0x4)
                0x08000b34                        __exidx_start = .
 *(.ARM.exidx*)
                0x08000b34                        __exidx_end = .
                0x08000b34                        . = ALIGN (0x4)

.preinit_array  0x08000b34        0x0
                0x08000b34                        . = ALIGN (0x4)
                0x08000b34                        PROVIDE (__preinit_array_start = .)
 *(.preinit_array*)
                0x08000b34                        PROVIDE (__preinit_array_end = .)
                0x08000b34                        . = ALIGN (0x4)

.init_array     0x08000b34        0x4
                0x08000b34                        . = ALIGN (0x4)
                0x08000b34                        PROVIDE (__init_array_start = .)
 *(SORT_BY_NAME(.init_array.*))
 *(.init_array*)
 .init_array    0x08000b34        0x4 C:/ST/STM32CubeIDE_1.15.0/STM32CubeIDE/plugins/com.st.stm32cube.ide.mcu.externaltools.gnu-tools-for-stm32.12.3.rel1.win32_1.0.100.202403111256/tools/bin/../lib/gcc/arm-none-eabi/12.3.1/thumb/v7e-m+dp/hard/crtbegin.o
                0x08000b38                        PROVIDE (__init_array_end = .)
                0x08000b38                        . = ALIGN (0x4)

.fini_array     0x08000b38        0x4
                0x08000b38                        . = ALIGN (0x4)
                [!provide]                        PROVIDE (__fini_array_start = .)
 *(SORT_BY_NAME(.fini_array.*))
 *(.fini_array*)
 .fini_array    0x08000b38        0x4 C:/ST/STM32CubeIDE_1.15.0/STM32CubeIDE/plugins/com.st.stm32cube.ide.mcu.externaltools.gnu-tools-for-stm32.12.3.rel1.win32_1.0.100.202403111256/tools/bin/../lib/gcc/arm-none-eabi/12.3.1/thumb/v7e-m+dp/hard/crtbegin.o
                [!provide]                        PROVIDE (__fini_array_end = .)
                0x08000b3c                        . = ALIGN (0x4)
                0x08000b3c                        _sidata = LOADADDR (.data)

.rel.dyn        0x08000b3c        0x0
 .rel.iplt      0x08000b3c        0x0 C:/ST/STM32CubeIDE_1.15.0/STM32CubeIDE/plugins/com.st.stm32cube.ide.mcu.externaltools.gnu-tools-for-stm32.12.3.rel1.win32_1.0.100.202403111256/tools/bin/../lib/gcc/arm-none-eabi/12.3.1/thumb/v7e-m+dp/hard/crtbegin.o

.data           0x20000000       0x2c load address 0x08000b3c
                0x20000000                        . = ALIGN (0x4)
                0x20000000                        _sdata = .
 *(.data)
 *(.data*)
 .data.uart2_bsp
                0x20000000       0x28 ./BSP/Src/uart_bsp.o
                0x20000000                uart2_bsp
 .data.SystemCoreClock
                0x20000028        0x4 ./Src/clock.o
                0x20000028                SystemCoreClock
 *(.RamFunc)
 *(.RamFunc*)
                0x2000002c                        . = ALIGN (0x4)
                0x2000002c                        _edata = .

.igot.plt       0x2000002c        0x0 load address 0x08000b68
 .igot.plt      0x2000002c        0x0 C:/ST/STM32CubeIDE_1.15.0/STM32CubeIDE/plugins/com.st.stm32cube.ide.mcu.externaltools.gnu-tools-for-stm32.12.3.rel1.win32_1.0.100.202403111256/tools/bin/../lib/gcc/arm-none-eabi/12.3.1/thumb/v7e-m+dp/hard/crtbegin.o
                0x2000002c                        . = ALIGN (0x4)

.bss            0x2000002c      0x234 load address 0x08000b68
                0x2000002c                        _sbss = .
                0x2000002c                        __bss_start__ = _sbss
 *(.bss)
 .bss           0x2000002c       0x1c C:/ST/STM32CubeIDE_1.15.0/STM32CubeIDE/plugins/com.st.stm32cube.ide.mcu.externaltools.gnu-tools-for-stm32.12.3.rel1.win32_1.0.100.202403111256/tools/bin/../lib/gcc/arm-none-eabi/12.3.1/thumb/v7e-m+dp/hard/crtbegin.o
 *(.bss*)
 .bss.uart2_rx_buf
                0x20000048      0x100 ./BSP/Src/uart_bsp.o
 .bss.uart2_tx_buf
                0x20000148      0x100 ./BSP/Src/uart_bsp.o
 .bss.rcc_gpio_ref_cnt
                0x20000248        0xb ./Drivers/Src/rcc_drv.o
 *fill*         0x20000253        0x1 
 .bss.rcc_usart_ref_cnt
                0x20000254        0x8 ./Drivers/Src/rcc_drv.o
 .bss.systick_ms
                0x2000025c        0x4 ./Src/timer.o
 *(COMMON)
                0x20000260                        . = ALIGN (0x4)
                0x20000260                        _ebss = .
                0x20000260                        __bss_end__ = _ebss

._user_heap_stack
                0x20000260      0x600 load address 0x08000b68
                0x20000260                        . = ALIGN (0x8)
                [!provide]                        PROVIDE (end = .)
                0x20000260                        PROVIDE (_end = .)
                0x20000460                        . = (. + _Min_Heap_Size)
 *fill*         0x20000260      0x200 
                0x20000860                        . = (. + _Min_Stack_Size)
 *fill*         0x20000460      0x400 
                0x20000860                        . = ALIGN (0x8)

/DISCARD/
 libc.a(*)
 libm.a(*)
 libgcc.a(*)

.ARM.attributes
                0x00000000       0x2e
 *(.ARM.attributes)
 .ARM.attributes
                0x00000000       0x20 C:/ST/STM32CubeIDE_1.15.0/STM32CubeIDE/plugins/com.st.stm32cube.ide.mcu.externaltools.gnu-tools-for-stm32.12.3.rel1.win32_1.0.100.202403111256/tools/bin/../lib/gcc/arm-none-eabi/12.3.1/thumb/v7e-m+dp/hard/crti.o
 .ARM.attributes
                0x00000020       0x32 C:/ST/STM32CubeIDE_1.15.0/STM32CubeIDE/plugins/com.st.stm32cube.ide.mcu.externaltools.gnu-tools-for-stm32.12.3.rel1.win32_1.0.100.202403111256/tools/bin/../lib/gcc/arm-none-eabi/12.3.1/thumb/v7e-m+dp/hard/crtbegin.o
 .ARM.attributes
                0x00000052       0x32 ./BSP/Src/uart_bsp.o
 .ARM.attributes
                0x00000084       0x32 ./Drivers/Src/gpio_drv.o
 .ARM.attributes
                0x000000b6       0x32 ./Drivers/Src/rcc_drv.o
 .ARM.attributes
                0x000000e8       0x32 ./Drivers/Src/uart_drv.o
 .ARM.attributes
                0x0000011a       0x32 ./Src/bsp.o
 .ARM.attributes
                0x0000014c       0x32 ./Src/clock.o
 .ARM.attributes
                0x0000017e       0x32 ./Src/main.o
 .ARM.attributes
                0x000001b0       0x32 ./Src/system.o
 .ARM.attributes
                0x000001e2       0x32 ./Src/timer.o
 .ARM.attributes
                0x00000214       0x32 ./Src/watchdog.o
 .ARM.attributes
                0x00000246       0x21 ./Startup/startup_stm32f767zitx.o
 .ARM.attributes
                0x00000267       0x32 C:/ST/STM32CubeIDE_1.15.0/STM32CubeIDE/plugins/com.st.stm32cube.ide.mcu.externaltools.gnu-tools-for-stm32.12.3.rel1.win32_1.0.100.202403111256/tools/bin/../lib/gcc/arm-none-eabi/12.3.1/../../../../arm-none-eabi/lib/thumb/v7e-m+dp/hard\libc_nano.a(libc_a-init.o)
 .ARM.attributes
                0x00000299       0x20 C:/ST/STM32CubeIDE_1.15.0/STM32CubeIDE/plugins/com.st.stm32cube.ide.mcu.externaltools.gnu-tools-for-stm32.12.3.rel1.win32_1.0.100.202403111256/tools/bin/../lib/gcc/arm-none-eabi/12.3.1/thumb/v7e-m+dp/hard/crtn.o
OUTPUT(BearMetal.elf elf32-littlearm)
LOAD linker stubs
LOAD C:/ST/STM32CubeIDE_1.15.0/STM32CubeIDE/plugins/com.st.stm32cube.ide.mcu.externaltools.gnu-tools-for-stm32.12.3.rel1.win32_1.0.100.202403111256/tools/bin/../lib/gcc/arm-none-eabi/12.3.1/../../../../arm-none-eabi/lib/thumb/v7e-m+dp/hard\libc.a
LOAD C:/ST/STM32CubeIDE_1.15.0/STM32CubeIDE/plugins/com.st.stm32cube.ide.mcu.externaltools.gnu-tools-for-stm32.12.3.rel1.win32_1.0.100.202403111256/tools/bin/../lib/gcc/arm-none-eabi/12.3.1/../../../../arm-none-eabi/lib/thumb/v7e-m+dp/hard\libm.a
LOAD C:/ST/STM32CubeIDE_1.15.0/STM32CubeIDE/plugins/com.st.stm32cube.ide.mcu.externaltools.gnu-tools-for-stm32.12.3.rel1.win32_1.0.100.202403111256/tools/bin/../lib/gcc/arm-none-eabi/12.3.1/thumb/v7e-m+dp/hard\libgcc.a

.debug_info     0x00000000     0x24f2
 .debug_info    0x00000000      0x4ef ./BSP/Src/uart_bsp.o
 .debug_info    0x000004ef      0x427 ./Drivers/Src/gpio_drv.o
 .debug_info    0x00000916      0x562 ./Drivers/Src/rcc_drv.o
 .debug_info    0x00000e78      0x288 ./Drivers/Src/uart_drv.o
 .debug_info    0x00001100      0x2ce ./Src/bsp.o
 .debug_info    0x000013ce      0x2fd ./Src/clock.o
 .debug_info    0x000016cb      0x48a ./Src/main.o
 .debug_info    0x00001b55      0x6a3 ./Src/system.o
 .debug_info    0x000021f8      0x1b7 ./Src/timer.o
 .debug_info    0x000023af      0x113 ./Src/watchdog.o
 .debug_info    0x000024c2       0x30 ./Startup/startup_stm32f767zitx.o

.debug_abbrev   0x00000000      0xdc2
 .debug_abbrev  0x00000000      0x199 ./BSP/Src/uart_bsp.o
 .debug_abbrev  0x00000199      0x1ca ./Drivers/Src/gpio_drv.o
 .debug_abbrev  0x00000363      0x155 ./Drivers/Src/rcc_drv.o
 .debug_abbrev  0x000004b8      0x10a ./Drivers/Src/uart_drv.o
 .debug_abbrev  0x000005c2      0x179 ./Src/bsp.o
 .debug_abbrev  0x0000073b      0x10c ./Src/clock.o
 .debug_abbrev  0x00000847      0x1a8 ./Src/main.o
 .debug_abbrev  0x000009ef      0x1c4 ./Src/system.o
 .debug_abbrev  0x00000bb3      0x133 ./Src/timer.o
 .debug_abbrev  0x00000ce6       0xb8 ./Src/watchdog.o
 .debug_abbrev  0x00000d9e       0x24 ./Startup/startup_stm32f767zitx.o

.debug_aranges  0x00000000      0x258
 .debug_aranges
                0x00000000       0x20 ./BSP/Src/uart_bsp.o
 .debug_aranges
                0x00000020       0x50 ./Drivers/Src/gpio_drv.o
 .debug_aranges
                0x00000070       0x40 ./Drivers/Src/rcc_drv.o
 .debug_aranges
                0x000000b0       0x38 ./Drivers/Src/uart_drv.o
 .debug_aranges
                0x000000e8       0x28 ./Src/bsp.o
 .debug_aranges
                0x00000110       0x20 ./Src/clock.o
 .debug_aranges
                0x00000130       0x28 ./Src/main.o
 .debug_aranges
                0x00000158       0x70 ./Src/system.o
 .debug_aranges
                0x000001c8       0x38 ./Src/timer.o
 .debug_aranges
                0x00000200       0x30 ./Src/watchdog.o
 .debug_aranges
                0x00000230       0x28 ./Startup/startup_stm32f767zitx.o

.debug_rnglists
                0x00000000      0x18f
 .debug_rnglists
                0x00000000       0x13 ./BSP/Src/uart_bsp.o
 .debug_rnglists
                0x00000013       0x37 ./Drivers/Src/gpio_drv.o
 .debug_rnglists
                0x0000004a       0x2d ./Drivers/Src/rcc_drv.o
 .debug_rnglists
                0x00000077       0x25 ./Drivers/Src/uart_drv.o
 .debug_rnglists
                0x0000009c       0x19 ./Src/bsp.o
 .debug_rnglists
                0x000000b5       0x14 ./Src/clock.o
 .debug_rnglists
                0x000000c9       0x19 ./Src/main.o
 .debug_rnglists
                0x000000e2       0x50 ./Src/system.o
 .debug_rnglists
                0x00000132       0x25 ./Src/timer.o
 .debug_rnglists
                0x00000157       0x1f ./Src/watchdog.o
 .debug_rnglists
                0x00000176       0x19 ./Startup/startup_stm32f767zitx.o

.debug_macro    0x00000000    0x1ce1d
 .debug_macro   0x00000000      0x119 ./BSP/Src/uart_bsp.o
 .debug_macro   0x00000119       0x28 ./BSP/Src/uart_bsp.o
 .debug_macro   0x00000141       0x3b ./BSP/Src/uart_bsp.o
 .debug_macro   0x0000017c       0x22 ./BSP/Src/uart_bsp.o
 .debug_macro   0x0000019e       0x8e ./BSP/Src/uart_bsp.o
 .debug_macro   0x0000022c       0x51 ./BSP/Src/uart_bsp.o
 .debug_macro   0x0000027d      0x103 ./BSP/Src/uart_bsp.o
 .debug_macro   0x00000380       0x6a ./BSP/Src/uart_bsp.o
 .debug_macro   0x000003ea      0x1df ./BSP/Src/uart_bsp.o
 .debug_macro   0x000005c9       0x1c ./BSP/Src/uart_bsp.o
 .debug_macro   0x000005e5       0x22 ./BSP/Src/uart_bsp.o
 .debug_macro   0x00000607       0xd9 ./BSP/Src/uart_bsp.o
 .debug_macro   0x000006e0     0x12cd ./BSP/Src/uart_bsp.o
 .debug_macro   0x000019ad      0x11f ./BSP/Src/uart_bsp.o
 .debug_macro   0x00001acc       0x19 ./BSP/Src/uart_bsp.o
 .debug_macro   0x00001ae5    0x1aa23 ./BSP/Src/uart_bsp.o
 .debug_macro   0x0001c508       0x6d ./BSP/Src/uart_bsp.o
 .debug_macro   0x0001c575       0x10 ./BSP/Src/uart_bsp.o
 .debug_macro   0x0001c585       0xd6 ./Drivers/Src/gpio_drv.o
 .debug_macro   0x0001c65b       0xd6 ./Drivers/Src/rcc_drv.o
 .debug_macro   0x0001c731       0xef ./Drivers/Src/uart_drv.o
 .debug_macro   0x0001c820       0xec ./Src/bsp.o
 .debug_macro   0x0001c90c       0xdf ./Src/clock.o
 .debug_macro   0x0001c9eb       0x16 ./Src/clock.o
 .debug_macro   0x0001ca01      0x156 ./Src/main.o
 .debug_macro   0x0001cb57      0x111 ./Src/system.o
 .debug_macro   0x0001cc68       0xd6 ./Src/timer.o
 .debug_macro   0x0001cd3e       0xdf ./Src/watchdog.o

.debug_line     0x00000000     0x3cc1
 .debug_line    0x00000000      0x5c9 ./BSP/Src/uart_bsp.o
 .debug_line    0x000005c9      0x662 ./Drivers/Src/gpio_drv.o
 .debug_line    0x00000c2b      0x754 ./Drivers/Src/rcc_drv.o
 .debug_line    0x0000137f      0x5b2 ./Drivers/Src/uart_drv.o
 .debug_line    0x00001931      0x556 ./Src/bsp.o
 .debug_line    0x00001e87      0x5a4 ./Src/clock.o
 .debug_line    0x0000242b      0x630 ./Src/main.o
 .debug_line    0x00002a5b      0x74a ./Src/system.o
 .debug_line    0x000031a5      0x55b ./Src/timer.o
 .debug_line    0x00003700      0x546 ./Src/watchdog.o
 .debug_line    0x00003c46       0x7b ./Startup/startup_stm32f767zitx.o

.debug_str      0x00000000    0xa3c0b
 .debug_str     0x00000000    0xa34aa ./BSP/Src/uart_bsp.o
                              0xa3667 (size before relaxing)
 .debug_str     0x000a34aa       0x76 ./Drivers/Src/gpio_drv.o
                              0xa352a (size before relaxing)
 .debug_str     0x000a3520      0x23d ./Drivers/Src/rcc_drv.o
                              0xa35e3 (size before relaxing)
 .debug_str     0x000a375d       0x4b ./Drivers/Src/uart_drv.o
                              0xa3441 (size before relaxing)
 .debug_str     0x000a37a8       0x3e ./Src/bsp.o
                              0xa351a (size before relaxing)
 .debug_str     0x000a37e6       0xa0 ./Src/clock.o
                              0xa34e1 (size before relaxing)
 .debug_str     0x000a3886       0x76 ./Src/main.o
                              0xa36a1 (size before relaxing)
 .debug_str     0x000a38fc      0x255 ./Src/system.o
                              0xa3656 (size before relaxing)
 .debug_str     0x000a3b51       0x4d ./Src/timer.o
                              0xa33d9 (size before relaxing)
 .debug_str     0x000a3b9e       0x2e ./Src/watchdog.o
                              0xa33b5 (size before relaxing)
 .debug_str     0x000a3bcc       0x3f ./Startup/startup_stm32f767zitx.o
                                 0x7c (size before relaxing)

.comment        0x00000000       0x43
 .comment       0x00000000       0x43 ./BSP/Src/uart_bsp.o
                                 0x44 (size before relaxing)
 .comment       0x00000043       0x44 ./Drivers/Src/gpio_drv.o
 .comment       0x00000043       0x44 ./Drivers/Src/rcc_drv.o
 .comment       0x00000043       0x44 ./Drivers/Src/uart_drv.o
 .comment       0x00000043       0x44 ./Src/bsp.o
 .comment       0x00000043       0x44 ./Src/clock.o
 .comment       0x00000043       0x44 ./Src/main.o
 .comment       0x00000043       0x44 ./Src/system.o
 .comment       0x00000043       0x44 ./Src/timer.o
 .comment       0x00000043       0x44 ./Src/watchdog.o

.debug_frame    0x00000000      0x658
 .debug_frame   0x00000000       0x34 ./BSP/Src/uart_bsp.o
 .debug_frame   0x00000034      0x124 ./Drivers/Src/gpio_drv.o
 .debug_frame   0x00000158       0xcc ./Drivers/Src/rcc_drv.o
 .debug_frame   0x00000224       0xb0 ./Drivers/Src/uart_drv.o
 .debug_frame   0x000002d4       0x48 ./Src/bsp.o
 .debug_frame   0x0000031c       0x38 ./Src/clock.o
 .debug_frame   0x00000354       0x58 ./Src/main.o
 .debug_frame   0x000003ac      0x178 ./Src/system.o
 .debug_frame   0x00000524       0x9c ./Src/timer.o
 .debug_frame   0x000005c0       0x6c ./Src/watchdog.o
 .debug_frame   0x0000062c       0x2c C:/ST/STM32CubeIDE_1.15.0/STM32CubeIDE/plugins/com.st.stm32cube.ide.mcu.externaltools.gnu-tools-for-stm32.12.3.rel1.win32_1.0.100.202403111256/tools/bin/../lib/gcc/arm-none-eabi/12.3.1/../../../../arm-none-eabi/lib/thumb/v7e-m+dp/hard\libc_nano.a(libc_a-init.o)

.debug_line_str
                0x00000000       0x60
 .debug_line_str
                0x00000000       0x60 ./Startup/startup_stm32f767zitx.o
