Archive member included to satisfy reference by file (symbol)

C:/ST/STM32CubeIDE_1.15.0/STM32CubeIDE/plugins/com.st.stm32cube.ide.mcu.externaltools.gnu-tools-for-stm32.12.3.rel1.win32_1.0.100.202403111256/tools/bin/../lib/gcc/arm-none-eabi/12.3.1/../../../../arm-none-eabi/lib/thumb/v7e-m+dp/hard\libc_nano.a(libc_a-exit.o)
                              C:/ST/STM32CubeIDE_1.15.0/STM32CubeIDE/plugins/com.st.stm32cube.ide.mcu.externaltools.gnu-tools-for-stm32.12.3.rel1.win32_1.0.100.202403111256/tools/bin/../lib/gcc/arm-none-eabi/12.3.1/../../../../arm-none-eabi/lib/thumb/v7e-m+dp/hard/crt0.o (exit)
C:/ST/STM32CubeIDE_1.15.0/STM32CubeIDE/plugins/com.st.stm32cube.ide.mcu.externaltools.gnu-tools-for-stm32.12.3.rel1.win32_1.0.100.202403111256/tools/bin/../lib/gcc/arm-none-eabi/12.3.1/../../../../arm-none-eabi/lib/thumb/v7e-m+dp/hard\libc_nano.a(libc_a-findfp.o)
                              C:/ST/STM32CubeIDE_1.15.0/STM32CubeIDE/plugins/com.st.stm32cube.ide.mcu.externaltools.gnu-tools-for-stm32.12.3.rel1.win32_1.0.100.202403111256/tools/bin/../lib/gcc/arm-none-eabi/12.3.1/../../../../arm-none-eabi/lib/thumb/v7e-m+dp/hard\libc_nano.a(libc_a-exit.o) (__stdio_exit_handler)
C:/ST/STM32CubeIDE_1.15.0/STM32CubeIDE/plugins/com.st.stm32cube.ide.mcu.externaltools.gnu-tools-for-stm32.12.3.rel1.win32_1.0.100.202403111256/tools/bin/../lib/gcc/arm-none-eabi/12.3.1/../../../../arm-none-eabi/lib/thumb/v7e-m+dp/hard\libc_nano.a(libc_a-fwalk.o)
                              C:/ST/STM32CubeIDE_1.15.0/STM32CubeIDE/plugins/com.st.stm32cube.ide.mcu.externaltools.gnu-tools-for-stm32.12.3.rel1.win32_1.0.100.202403111256/tools/bin/../lib/gcc/arm-none-eabi/12.3.1/../../../../arm-none-eabi/lib/thumb/v7e-m+dp/hard\libc_nano.a(libc_a-findfp.o) (_fwalk_sglue)
C:/ST/STM32CubeIDE_1.15.0/STM32CubeIDE/plugins/com.st.stm32cube.ide.mcu.externaltools.gnu-tools-for-stm32.12.3.rel1.win32_1.0.100.202403111256/tools/bin/../lib/gcc/arm-none-eabi/12.3.1/../../../../arm-none-eabi/lib/thumb/v7e-m+dp/hard\libc_nano.a(libc_a-stdio.o)
                              C:/ST/STM32CubeIDE_1.15.0/STM32CubeIDE/plugins/com.st.stm32cube.ide.mcu.externaltools.gnu-tools-for-stm32.12.3.rel1.win32_1.0.100.202403111256/tools/bin/../lib/gcc/arm-none-eabi/12.3.1/../../../../arm-none-eabi/lib/thumb/v7e-m+dp/hard\libc_nano.a(libc_a-findfp.o) (__sread)
C:/ST/STM32CubeIDE_1.15.0/STM32CubeIDE/plugins/com.st.stm32cube.ide.mcu.externaltools.gnu-tools-for-stm32.12.3.rel1.win32_1.0.100.202403111256/tools/bin/../lib/gcc/arm-none-eabi/12.3.1/../../../../arm-none-eabi/lib/thumb/v7e-m+dp/hard\libc_nano.a(libc_a-memset.o)
                              C:/ST/STM32CubeIDE_1.15.0/STM32CubeIDE/plugins/com.st.stm32cube.ide.mcu.externaltools.gnu-tools-for-stm32.12.3.rel1.win32_1.0.100.202403111256/tools/bin/../lib/gcc/arm-none-eabi/12.3.1/../../../../arm-none-eabi/lib/thumb/v7e-m+dp/hard/crt0.o (memset)
C:/ST/STM32CubeIDE_1.15.0/STM32CubeIDE/plugins/com.st.stm32cube.ide.mcu.externaltools.gnu-tools-for-stm32.12.3.rel1.win32_1.0.100.202403111256/tools/bin/../lib/gcc/arm-none-eabi/12.3.1/../../../../arm-none-eabi/lib/thumb/v7e-m+dp/hard\libc_nano.a(libc_a-closer.o)
                              C:/ST/STM32CubeIDE_1.15.0/STM32CubeIDE/plugins/com.st.stm32cube.ide.mcu.externaltools.gnu-tools-for-stm32.12.3.rel1.win32_1.0.100.202403111256/tools/bin/../lib/gcc/arm-none-eabi/12.3.1/../../../../arm-none-eabi/lib/thumb/v7e-m+dp/hard\libc_nano.a(libc_a-stdio.o) (_close_r)
C:/ST/STM32CubeIDE_1.15.0/STM32CubeIDE/plugins/com.st.stm32cube.ide.mcu.externaltools.gnu-tools-for-stm32.12.3.rel1.win32_1.0.100.202403111256/tools/bin/../lib/gcc/arm-none-eabi/12.3.1/../../../../arm-none-eabi/lib/thumb/v7e-m+dp/hard\libc_nano.a(libc_a-reent.o)
                              C:/ST/STM32CubeIDE_1.15.0/STM32CubeIDE/plugins/com.st.stm32cube.ide.mcu.externaltools.gnu-tools-for-stm32.12.3.rel1.win32_1.0.100.202403111256/tools/bin/../lib/gcc/arm-none-eabi/12.3.1/../../../../arm-none-eabi/lib/thumb/v7e-m+dp/hard\libc_nano.a(libc_a-closer.o) (errno)
C:/ST/STM32CubeIDE_1.15.0/STM32CubeIDE/plugins/com.st.stm32cube.ide.mcu.externaltools.gnu-tools-for-stm32.12.3.rel1.win32_1.0.100.202403111256/tools/bin/../lib/gcc/arm-none-eabi/12.3.1/../../../../arm-none-eabi/lib/thumb/v7e-m+dp/hard\libc_nano.a(libc_a-impure.o)
                              C:/ST/STM32CubeIDE_1.15.0/STM32CubeIDE/plugins/com.st.stm32cube.ide.mcu.externaltools.gnu-tools-for-stm32.12.3.rel1.win32_1.0.100.202403111256/tools/bin/../lib/gcc/arm-none-eabi/12.3.1/../../../../arm-none-eabi/lib/thumb/v7e-m+dp/hard\libc_nano.a(libc_a-reent.o) (_impure_ptr)
C:/ST/STM32CubeIDE_1.15.0/STM32CubeIDE/plugins/com.st.stm32cube.ide.mcu.externaltools.gnu-tools-for-stm32.12.3.rel1.win32_1.0.100.202403111256/tools/bin/../lib/gcc/arm-none-eabi/12.3.1/../../../../arm-none-eabi/lib/thumb/v7e-m+dp/hard\libc_nano.a(libc_a-lseekr.o)
[...]
Memory Configuration

Name             Origin             Length             Attributes
RAM              0x20000000         0x00080000         xrw
FLASH            0x08000000         0x00200000         xr
*default*        0x00000000         0xffffffff

Linker script and memory map

LOAD C:/ST/STM32CubeIDE_1.15.0/STM32CubeIDE/plugins/com.st.stm32cube.ide.mcu.externaltools.gnu-tools-for-stm32.12.3.rel1.win32_1.0.100.202403111256/tools/bin/../lib/gcc/arm-none-eabi/12.3.1/thumb/v7e-m+dp/hard/crti.o
LOAD C:/ST/STM32CubeIDE_1.15.0/STM32CubeIDE/plugins/com.st.stm32cube.ide.mcu.externaltools.gnu-tools-for-stm32.12.3.rel1.win32_1.0.100.202403111256/tools/bin/../lib/gcc/arm-none-eabi/12.3.1/thumb/v7e-m+dp/hard/crtbegin.o
LOAD C:/ST/STM32CubeIDE_1.15.0/STM32CubeIDE/plugins/com.st.stm32cube.ide.mcu.externaltools.gnu-tools-for-stm32.12.3.rel1.win32_1.0.100.202403111256/tools/bin/../lib/gcc/arm-none-eabi/12.3.1/../../../../arm-none-eabi/lib/thumb/v7e-m+dp/hard/crt0.o
LOAD ./BSP/Src/uart_bsp.o
LOAD ./Drivers/Src/gpio_drv.o
LOAD ./Drivers/Src/rcc_drv.o
LOAD ./Drivers/Src/uart_drv.o
LOAD ./Src/bsp.o
LOAD ./Src/clock.o
LOAD ./Src/gpio.o
LOAD ./Src/main.o
LOAD ./Src/rcc.o
LOAD ./Src/syscalls.o
LOAD ./Src/sysmem.o
LOAD ./Src/system.o
LOAD ./Src/timer.o
LOAD ./Src/uart.o
LOAD ./Src/watchdog.o
LOAD ./Startup/startup_stm32f767zitx.o
START GROUP
LOAD C:/ST/STM32CubeIDE_1.15.0/STM32CubeIDE/plugins/com.st.stm32cube.ide.mcu.externaltools.gnu-tools-for-stm32.12.3.rel1.win32_1.0.100.202403111256/tools/bin/../lib/gcc/arm-none-eabi/12.3.1/../../../../arm-none-eabi/lib/thumb/v7e-m+dp/hard\libc_nano.a
LOAD C:/ST/STM32CubeIDE_1.15.0/STM32CubeIDE/plugins/com.st.stm32cube.ide.mcu.externaltools.gnu-tools-for-stm32.12.3.rel1.win32_1.0.100.202403111256/tools/bin/../lib/gcc/arm-none-eabi/12.3.1/../../../../arm-none-eabi/lib/thumb/v7e-m+dp/hard\libm.a
END GROUP
START GROUP
LOAD C:/ST/STM32CubeIDE_1.15.0/STM32CubeIDE/plugins/com.st.stm32cube.ide.mcu.externaltools.gnu-tools-for-stm32.12.3.rel1.win32_1.0.100.202403111256/tools/bin/../lib/gcc/arm-none-eabi/12.3.1/thumb/v7e-m+dp/hard\libgcc.a
LOAD C:/ST/STM32CubeIDE_1.15.0/STM32CubeIDE/plugins/com.st.stm32cube.ide.mcu.externaltools.gnu-tools-for-stm32.12.3.rel1.win32_1.0.100.202403111256/tools/bin/../lib/gcc/arm-none-eabi/12.3.1/../../../../arm-none-eabi/lib/thumb/v7e-m+dp/hard\libc_nano.a
END GROUP
START GROUP
LOAD C:/ST/STM32CubeIDE_1.15.0/STM32CubeIDE/plugins/com.st.stm32cube.ide.mcu.externaltools.gnu-tools-for-stm32.12.3.rel1.win32_1.0.100.202403111256/tools/bin/../lib/gcc/arm-none-eabi/12.3.1/thumb/v7e-m+dp/hard\libgcc.a
LOAD C:/ST/STM32CubeIDE_1.15.0/STM32CubeIDE/plugins/com.st.stm32cube.ide.mcu.externaltools.gnu-tools-for-stm32.12.3.rel1.win32_1.0.100.202403111256/tools/bin/../lib/gcc/arm-none-eabi/12.3.1/../../../../arm-none-eabi/lib/thumb/v7e-m+dp/hard\libc_nano.a
LOAD C:/ST/STM32CubeIDE_1.15.0/STM32CubeIDE/plugins/com.st.stm32cube.ide.mcu.externaltools.gnu-tools-for-stm32.12.3.rel1.win32_1.0.100.202403111256/tools/bin/../lib/gcc/arm-none-eabi/12.3.1/../../../../arm-none-eabi/lib/thumb/v7e-m+dp/hard\libnosys.a
END GROUP
START GROUP
LOAD C:/ST/STM32CubeIDE_1.15.0/STM32CubeIDE/plugins/com.st.stm32cube.ide.mcu.externaltools.gnu-tools-for-stm32.12.3.rel1.win32_1.0.100.202403111256/tools/bin/../lib/gcc/arm-none-eabi/12.3.1/thumb/v7e-m+dp/hard\libgcc.a
LOAD C:/ST/STM32CubeIDE_1.15.0/STM32CubeIDE/plugins/com.st.stm32cube.ide.mcu.externaltools.gnu-tools-for-stm32.12.3.rel1.win32_1.0.100.202403111256/tools/bin/../lib/gcc/arm-none-eabi/12.3.1/../../../../arm-none-eabi/lib/thumb/v7e-m+dp/hard\libc_nano.a
LOAD C:/ST/STM32CubeIDE_1.15.0/STM32CubeIDE/plugins/com.st.stm32cube.ide.mcu.externaltools.gnu-tools-for-stm32.12.3.rel1.win32_1.0.100.202403111256/tools/bin/../lib/gcc/arm-none-eabi/12.3.1/../../../../arm-none-eabi/lib/thumb/v7e-m+dp/hard\libnosys.a
END GROUP
LOAD C:/ST/STM32CubeIDE_1.15.0/STM32CubeIDE/plugins/com.st.stm32cube.ide.mcu.externaltools.gnu-tools-for-stm32.12.3.rel1.win32_1.0.100.202403111256/tools/bin/../lib/gcc/arm-none-eabi/12.3.1/thumb/v7e-m+dp/hard/crtend.o
LOAD C:/ST/STM32CubeIDE_1.15.0/STM32CubeIDE/plugins/com.st.stm32cube.ide.mcu.externaltools.gnu-tools-for-stm32.12.3.rel1.win32_1.0.100.202403111256/tools/bin/../lib/gcc/arm-none-eabi/12.3.1/thumb/v7e-m+dp/hard/crtn.o
                0x20080000                        _estack = (ORIGIN (RAM) + LENGTH (RAM))
                0x00000200                        _Min_Heap_Size = 0x200
                0x00000400                        _Min_Stack_Size = 0x400

.isr_vector     0x08000000      0x1f8
                0x08000000                        . = ALIGN (0x4)
 *(.isr_vector)
 .isr_vector    0x08000000      0x1f8 ./Startup/startup_stm32f767zitx.o
                0x08000000                g_pfnVectors
                0x080001f8                        . = ALIGN (0x4)

.text           0x080001f8      0x7cc
                0x080001f8                        . = ALIGN (0x4)
 *(.text)
 .text          0x080001f8       0x40 C:/ST/STM32CubeIDE_1.15.0/STM32CubeIDE/plugins/com.st.stm32cube.ide.mcu.externaltools.gnu-tools-for-stm32.12.3.rel1.win32_1.0.100.202403111256/tools/bin/../lib/gcc/arm-none-eabi/12.3.1/thumb/v7e-m+dp/hard/crtbegin.o
 *(.text*)
 .text.set_2bit_field
                0x08000238       0x40 ./Drivers/Src/gpio_drv.o
 .text.set_1bit_field
                0x08000278       0x3a ./Drivers/Src/gpio_drv.o
 .text.set_4bit_af
                0x080002b2       0x58 ./Drivers/Src/gpio_drv.o
 .text.gpio_config
                0x0800030a       0x7c ./Drivers/Src/gpio_drv.o
                0x0800030a                gpio_config
 .text.gpio_toggle
                0x08000386       0x3c ./Drivers/Src/gpio_drv.o
                0x08000386                gpio_toggle
 *fill*         0x080003c2        0x2 
 .text.rcc_enable_gpio
                0x080003c4      0x13c ./Drivers/Src/rcc_drv.o
                0x080003c4                rcc_enable_gpio
 .text.bsp_init
                0x08000500       0x24 ./Src/bsp.o
                0x08000500                bsp_init
 .text.bsp_led_toggle
                0x08000524       0x14 ./Src/bsp.o
                0x08000524                bsp_led_toggle
 .text.clock_init
                0x08000538       0xf8 ./Src/clock.o
                0x08000538                clock_init
 .text.main     0x08000630       0x2e ./Src/main.o
                0x08000630                main
 *fill*         0x0800065e        0x2 
 .text.SCB_EnableICache
                0x08000660       0x4c ./Src/system.o
 .text.SCB_EnableDCache
                0x080006ac       0x88 ./Src/system.o
 .text.fpu_enable
                0x08000734       0x30 ./Src/system.o
                0x08000734                fpu_enable
 .text.cache_enable
                0x08000764       0x10 ./Src/system.o
                0x08000764                cache_enable
 .text.mpu_init
                0x08000774       0x5c ./Src/system.o
                0x08000774                mpu_init
 .text.HardFault_Handler
                0x080007d0        0xe ./Src/system.o
                0x080007d0                HardFault_Handler
 .text.MemManage_Handler
                0x080007de        0xe ./Src/system.o
                0x080007de                MemManage_Handler
 .text.system_init
                0x080007ec       0x2c ./Src/system.o
                0x080007ec                system_init
 .text.timer_init
                0x08000818       0x34 ./Src/timer.o
                0x08000818                timer_init
 .text.timer_get_ms
                0x0800084c       0x18 ./Src/timer.o
                0x0800084c                timer_get_ms
 .text.timer_elapsed
                0x08000864       0x36 ./Src/timer.o
                0x08000864                timer_elapsed
 *fill*         0x0800089a        0x2 
 .text.SysTick_Handler
                0x0800089c       0x1c ./Src/timer.o
                0x0800089c                SysTick_Handler
 .text.iwdg_init
                0x080008b8       0x30 ./Src/watchdog.o
                0x080008b8                iwdg_init
 .text.kick_watchdog
                0x080008e8       0x1c ./Src/watchdog.o
                0x080008e8                kick_watchdog
 .text.watchdog_init
                0x08000904        0xc ./Src/watchdog.o
                0x08000904                watchdog_init
 .text.Reset_Handler
                0x08000910       0x50 ./Startup/startup_stm32f767zitx.o
                0x08000910                Reset_Handler
 .text.Default_Handler
                0x08000960        0x2 ./Startup/startup_stm32f767zitx.o
                0x08000960                HASH_RNG_IRQHandler
                0x08000960                EXTI2_IRQHandler
                0x08000960                TIM8_CC_IRQHandler
                0x08000960                DebugMon_Handler
                0x08000960                UART8_IRQHandler
                0x08000960                LP_Timer1_IRQHandler
                0x08000960                SPI4_IRQHandler
                0x08000960                TIM1_CC_IRQHandler
                0x08000960                QuadSPI_IRQHandler
                0x08000960                DMA2_Stream5_IRQHandler
                0x08000960                JPEG_IRQHandler
                0x08000960                DSIHOST_IRQHandler
                0x08000960                DMA1_Stream5_IRQHandler
                0x08000960                CAN3_RX1_IRQHandler
                0x08000960                PVD_IRQHandler
                0x08000960                TAMP_STAMP_IRQHandler
                0x08000960                PendSV_Handler
                0x08000960                NMI_Handler
                0x08000960                CAN2_RX1_IRQHandler
                0x08000960                EXTI3_IRQHandler
                0x08000960                TIM8_TRG_COM_TIM14_IRQHandler
                0x08000960                DFSDM1_FLT1_IRQHandler
                0x08000960                TIM1_UP_TIM10_IRQHandler
                0x08000960                TIM8_UP_TIM13_IRQHandler
                0x08000960                I2C3_ER_IRQHandler
                0x08000960                DFSDM1_FLT2_IRQHandler
                0x08000960                LCD_TFT_IRQHandler
                0x08000960                EXTI0_IRQHandler
                0x08000960                I2C2_EV_IRQHandler
                0x08000960                DMA1_Stream2_IRQHandler
                0x08000960                CAN1_RX0_IRQHandler
                0x08000960                FPU_IRQHandler
                0x08000960                OTG_HS_WKUP_IRQHandler
                0x08000960                CAN3_SCE_IRQHandler
                0x08000960                UsageFault_Handler
                0x08000960                CAN2_SCE_IRQHandler
                0x08000960                DMA2_Stream2_IRQHandler
                0x08000960                SPI1_IRQHandler
                0x08000960                TIM6_DAC_IRQHandler
                0x08000960                TIM1_BRK_TIM9_IRQHandler
                0x08000960                DCMI_IRQHandler
                0x08000960                CAN2_RX0_IRQHandler
                0x08000960                DMA2_Stream3_IRQHandler
                0x08000960                RTC_ALARM_IRQHandler
                0x08000960                SAI2_IRQHandler
                0x08000960                DFSDM1_FLT3_IRQHandler
                0x08000960                USART6_IRQHandler
                0x08000960                CAN3_RX0_IRQHandler
                0x08000960                USART3_IRQHandler
                0x08000960                CRYP_IRQHandler
                0x08000960                CAN1_RX1_IRQHandler
                0x08000960                UART5_IRQHandler
                0x08000960                DMA2_Stream0_IRQHandler
                0x08000960                TIM4_IRQHandler
                0x08000960                I2C1_EV_IRQHandler
                0x08000960                DMA1_Stream6_IRQHandler
                0x08000960                DMA1_Stream1_IRQHandler
                0x08000960                UART4_IRQHandler
                0x08000960                LCD_TFT_1_IRQHandler
                0x08000960                TIM3_IRQHandler
                0x08000960                RCC_IRQHandler
                0x08000960                TIM8_BRK_TIM12_IRQHandler
                0x08000960                Default_Handler
                0x08000960                EXTI15_10_IRQHandler
                0x08000960                ADC_IRQHandler
                0x08000960                DMA1_Stream7_IRQHandler
                0x08000960                SPI5_IRQHandler
                0x08000960                TIM7_IRQHandler
                0x08000960                SDMMC1_IRQHandler
                0x08000960                CAN2_TX_IRQHandler
                0x08000960                TIM5_IRQHandler
                0x08000960                DMA2_Stream7_IRQHandler
                0x08000960                I2C3_EV_IRQHandler
                0x08000960                EXTI9_5_IRQHandler
                0x08000960                RTC_WKUP_IRQHandler
                0x08000960                ETH_WKUP_IRQHandler
                0x08000960                SPI2_IRQHandler
                0x08000960                OTG_HS_EP1_IN_IRQHandler
                0x08000960                DMA1_Stream0_IRQHandler
                0x08000960                CAN1_TX_IRQHandler
                0x08000960                SVC_Handler
                0x08000960                EXTI4_IRQHandler
                0x08000960                ETH_IRQHandler
                0x08000960                OTG_HS_EP1_OUT_IRQHandler
                0x08000960                WWDG_IRQHandler
                0x08000960                SPI6_IRQHandler
                0x08000960                MDIOS_IRQHandler
                0x08000960                I2C4_EV_IRQHandler
                0x08000960                CAN3_TX_IRQHandler
                0x08000960                TIM2_IRQHandler
                0x08000960                OTG_FS_WKUP_IRQHandler
                0x08000960                TIM1_TRG_COM_TIM11_IRQHandler
                0x08000960                OTG_HS_IRQHandler
                0x08000960                DMA2D_IRQHandler
                0x08000960                EXTI1_IRQHandler
                0x08000960                SDMMC2_IRQHandler
                0x08000960                UART7_IRQHandler
                0x08000960                USART2_IRQHandler
                0x08000960                DFSDM1_FLT0_IRQHandler
                0x08000960                I2C2_ER_IRQHandler
                0x08000960                SPDIFRX_IRQHandler
                0x08000960                DMA2_Stream1_IRQHandler
                0x08000960                CAN1_SCE_IRQHandler
                0x08000960                FLASH_IRQHandler
                0x08000960                DMA2_Stream4_IRQHandler
                0x08000960                BusFault_Handler
                0x08000960                USART1_IRQHandler
                0x08000960                OTG_FS_IRQHandler
                0x08000960                SPI3_IRQHandler
                0x08000960                DMA1_Stream4_IRQHandler
                0x08000960                I2C1_ER_IRQHandler
                0x08000960                FMC_IRQHandler
                0x08000960                I2C4_ER_IRQHandler
                0x08000960                DMA2_Stream6_IRQHandler
                0x08000960                SAI1_IRQHandler
                0x08000960                DMA1_Stream3_IRQHandler
 *fill*         0x08000962        0x2 
 .text.__libc_init_array
                0x08000964       0x48 C:/ST/STM32CubeIDE_1.15.0/STM32CubeIDE/plugins/com.st.stm32cube.ide.mcu.externaltools.gnu-tools-for-stm32.12.3.rel1.win32_1.0.100.202403111256/tools/bin/../lib/gcc/arm-none-eabi/12.3.1/../../../../arm-none-eabi/lib/thumb/v7e-m+dp/hard\libc_nano.a(libc_a-init.o)
                0x08000964                __libc_init_array
 *(.glue_7)
 .glue_7        0x080009ac        0x0 linker stubs
 *(.glue_7t)
 .glue_7t       0x080009ac        0x0 linker stubs
 *(.eh_frame)
 .eh_frame      0x080009ac        0x0 C:/ST/STM32CubeIDE_1.15.0/STM32CubeIDE/plugins/com.st.stm32cube.ide.mcu.externaltools.gnu-tools-for-stm32.12.3.rel1.win32_1.0.100.202403111256/tools/bin/../lib/gcc/arm-none-eabi/12.3.1/thumb/v7e-m+dp/hard/crtbegin.o
 *(.init)
 .init          0x080009ac        0x4 C:/ST/STM32CubeIDE_1.15.0/STM32CubeIDE/plugins/com.st.stm32cube.ide.mcu.externaltools.gnu-tools-for-stm32.12.3.rel1.win32_1.0.100.202403111256/tools/bin/../lib/gcc/arm-none-eabi/12.3.1/thumb/v7e-m+dp/hard/crti.o
                0x080009ac                _init
 .init          0x080009b0        0x8 C:/ST/STM32CubeIDE_1.15.0/STM32CubeIDE/plugins/com.st.stm32cube.ide.mcu.externaltools.gnu-tools-for-stm32.12.3.rel1.win32_1.0.100.202403111256/tools/bin/../lib/gcc/arm-none-eabi/12.3.1/thumb/v7e-m+dp/hard/crtn.o
 *(.fini)
 .fini          0x080009b8        0x4 C:/ST/STM32CubeIDE_1.15.0/STM32CubeIDE/plugins/com.st.stm32cube.ide.mcu.externaltools.gnu-tools-for-stm32.12.3.rel1.win32_1.0.100.202403111256/tools/bin/../lib/gcc/arm-none-eabi/12.3.1/thumb/v7e-m+dp/hard/crti.o
                0x080009b8                _fini
 .fini          0x080009bc        0x8 C:/ST/STM32CubeIDE_1.15.0/STM32CubeIDE/plugins/com.st.stm32cube.ide.mcu.externaltools.gnu-tools-for-stm32.12.3.rel1.win32_1.0.100.202403111256/tools/bin/../lib/gcc/arm-none-eabi/12.3.1/thumb/v7e-m+dp/hard/crtn.o
                0x080009c4                        . = ALIGN (0x4)
                0x080009c4                        _etext = .

.vfp11_veneer   0x080009c4        0x0
 .vfp11_veneer  0x080009c4        0x0 linker stubs

.v4_bx          0x080009c4        0x0
 .v4_bx         0x080009c4        0x0 linker stubs

.iplt           0x080009c4        0x0
 .iplt          0x080009c4        0x0 C:/ST/STM32CubeIDE_1.15.0/STM32CubeIDE/plugins/com.st.stm32cube.ide.mcu.externaltools.gnu-tools-for-stm32.12.3.rel1.win32_1.0.100.202403111256/tools/bin/../lib/gcc/arm-none-eabi/12.3.1/thumb/v7e-m+dp/hard/crtbegin.o

.rodata         0x080009c4        0x8
                0x080009c4                        . = ALIGN (0x4)
 *(.rodata)
 *(.rodata*)
 .rodata.led_cfg.0
                0x080009c4        0x5 ./Src/bsp.o
                0x080009cc                        . = ALIGN (0x4)
 *fill*         0x080009c9        0x3 

.ARM.extab      0x080009cc        0x0
                0x080009cc                        . = ALIGN (0x4)
 *(.ARM.extab* .gnu.linkonce.armextab.*)
                0x080009cc                        . = ALIGN (0x4)

.ARM            0x080009cc        0x0
                0x080009cc                        . = ALIGN (0x4)
                0x080009cc                        __exidx_start = .
 *(.ARM.exidx*)
                0x080009cc                        __exidx_end = .
                0x080009cc                        . = ALIGN (0x4)

.preinit_array  0x080009cc        0x0
                0x080009cc                        . = ALIGN (0x4)
                0x080009cc                        PROVIDE (__preinit_array_start = .)
 *(.preinit_array*)
                0x080009cc                        PROVIDE (__preinit_array_end = .)
                0x080009cc                        . = ALIGN (0x4)

.init_array     0x080009cc        0x4
                0x080009cc                        . = ALIGN (0x4)
                0x080009cc                        PROVIDE (__init_array_start = .)
 *(SORT_BY_NAME(.init_array.*))
 *(.init_array*)
 .init_array    0x080009cc        0x4 C:/ST/STM32CubeIDE_1.15.0/STM32CubeIDE/plugins/com.st.stm32cube.ide.mcu.externaltools.gnu-tools-for-stm32.12.3.rel1.win32_1.0.100.202403111256/tools/bin/../lib/gcc/arm-none-eabi/12.3.1/thumb/v7e-m+dp/hard/crtbegin.o
                0x080009d0                        PROVIDE (__init_array_end = .)
                0x080009d0                        . = ALIGN (0x4)

.fini_array     0x080009d0        0x4
                0x080009d0                        . = ALIGN (0x4)
                [!provide]                        PROVIDE (__fini_array_start = .)
 *(SORT_BY_NAME(.fini_array.*))
 *(.fini_array*)
 .fini_array    0x080009d0        0x4 C:/ST/STM32CubeIDE_1.15.0/STM32CubeIDE/plugins/com.st.stm32cube.ide.mcu.externaltools.gnu-tools-for-stm32.12.3.rel1.win32_1.0.100.202403111256/tools/bin/../lib/gcc/arm-none-eabi/12.3.1/thumb/v7e-m+dp/hard/crtbegin.o
                [!provide]                        PROVIDE (__fini_array_end = .)
                0x080009d4                        . = ALIGN (0x4)
                0x080009d4                        _sidata = LOADADDR (.data)

.rel.dyn        0x080009d4        0x0
 .rel.iplt      0x080009d4        0x0 C:/ST/STM32CubeIDE_1.15.0/STM32CubeIDE/plugins/com.st.stm32cube.ide.mcu.externaltools.gnu-tools-for-stm32.12.3.rel1.win32_1.0.100.202403111256/tools/bin/../lib/gcc/arm-none-eabi/12.3.1/thumb/v7e-m+dp/hard/crtbegin.o

.data           0x20000000        0x4 load address 0x080009d4
                0x20000000                        . = ALIGN (0x4)
                0x20000000                        _sdata = .
 *(.data)
 *(.data*)
 .data.SystemCoreClock
                0x20000000        0x4 ./Src/clock.o
                0x20000000                SystemCoreClock
 *(.RamFunc)
 *(.RamFunc*)
                0x20000004                        . = ALIGN (0x4)
                0x20000004                        _edata = .

.igot.plt       0x20000004        0x0 load address 0x080009d8
 .igot.plt      0x20000004        0x0 C:/ST/STM32CubeIDE_1.15.0/STM32CubeIDE/plugins/com.st.stm32cube.ide.mcu.externaltools.gnu-tools-for-stm32.12.3.rel1.win32_1.0.100.202403111256/tools/bin/../lib/gcc/arm-none-eabi/12.3.1/thumb/v7e-m+dp/hard/crtbegin.o
                0x20000004                        . = ALIGN (0x4)

.bss            0x20000004       0x20 load address 0x080009d8
                0x20000004                        _sbss = .
                0x20000004                        __bss_start__ = _sbss
 *(.bss)
 .bss           0x20000004       0x1c C:/ST/STM32CubeIDE_1.15.0/STM32CubeIDE/plugins/com.st.stm32cube.ide.mcu.externaltools.gnu-tools-for-stm32.12.3.rel1.win32_1.0.100.202403111256/tools/bin/../lib/gcc/arm-none-eabi/12.3.1/thumb/v7e-m+dp/hard/crtbegin.o
 *(.bss*)
 .bss.systick_ms
                0x20000020        0x4 ./Src/timer.o
 *(COMMON)
                0x20000024                        . = ALIGN (0x4)
                0x20000024                        _ebss = .
                0x20000024                        __bss_end__ = _ebss

._user_heap_stack
                0x20000024      0x604 load address 0x080009d8
                0x20000028                        . = ALIGN (0x8)
 *fill*         0x20000024        0x4 
                [!provide]                        PROVIDE (end = .)
                0x20000028                        PROVIDE (_end = .)
                0x20000228                        . = (. + _Min_Heap_Size)
 *fill*         0x20000028      0x200 
                0x20000628                        . = (. + _Min_Stack_Size)
 *fill*         0x20000228      0x400 
                0x20000628                        . = ALIGN (0x8)

/DISCARD/
 libc.a(*)
 libm.a(*)
 libgcc.a(*)

.ARM.attributes
                0x00000000       0x2e
 *(.ARM.attributes)
 .ARM.attributes
                0x00000000       0x20 C:/ST/STM32CubeIDE_1.15.0/STM32CubeIDE/plugins/com.st.stm32cube.ide.mcu.externaltools.gnu-tools-for-stm32.12.3.rel1.win32_1.0.100.202403111256/tools/bin/../lib/gcc/arm-none-eabi/12.3.1/thumb/v7e-m+dp/hard/crti.o
 .ARM.attributes
                0x00000020       0x32 C:/ST/STM32CubeIDE_1.15.0/STM32CubeIDE/plugins/com.st.stm32cube.ide.mcu.externaltools.gnu-tools-for-stm32.12.3.rel1.win32_1.0.100.202403111256/tools/bin/../lib/gcc/arm-none-eabi/12.3.1/thumb/v7e-m+dp/hard/crtbegin.o
 .ARM.attributes
                0x00000052       0x32 ./Drivers/Src/gpio_drv.o
 .ARM.attributes
                0x00000084       0x32 ./Drivers/Src/rcc_drv.o
 .ARM.attributes
                0x000000b6       0x32 ./Src/bsp.o
 .ARM.attributes
                0x000000e8       0x32 ./Src/clock.o
 .ARM.attributes
                0x0000011a       0x32 ./Src/main.o
 .ARM.attributes
                0x0000014c       0x32 ./Src/system.o
 .ARM.attributes
                0x0000017e       0x32 ./Src/timer.o
 .ARM.attributes
                0x000001b0       0x32 ./Src/watchdog.o
 .ARM.attributes
                0x000001e2       0x21 ./Startup/startup_stm32f767zitx.o
 .ARM.attributes
                0x00000203       0x32 C:/ST/STM32CubeIDE_1.15.0/STM32CubeIDE/plugins/com.st.stm32cube.ide.mcu.externaltools.gnu-tools-for-stm32.12.3.rel1.win32_1.0.100.202403111256/tools/bin/../lib/gcc/arm-none-eabi/12.3.1/../../../../arm-none-eabi/lib/thumb/v7e-m+dp/hard\libc_nano.a(libc_a-init.o)
 .ARM.attributes
                0x00000235       0x20 C:/ST/STM32CubeIDE_1.15.0/STM32CubeIDE/plugins/com.st.stm32cube.ide.mcu.externaltools.gnu-tools-for-stm32.12.3.rel1.win32_1.0.100.202403111256/tools/bin/../lib/gcc/arm-none-eabi/12.3.1/thumb/v7e-m+dp/hard/crtn.o
OUTPUT(BearMetal.elf elf32-littlearm)
LOAD linker stubs
LOAD C:/ST/STM32CubeIDE_1.15.0/STM32CubeIDE/plugins/com.st.stm32cube.ide.mcu.externaltools.gnu-tools-for-stm32.12.3.rel1.win32_1.0.100.202403111256/tools/bin/../lib/gcc/arm-none-eabi/12.3.1/../../../../arm-none-eabi/lib/thumb/v7e-m+dp/hard\libc.a
LOAD C:/ST/STM32CubeIDE_1.15.0/STM32CubeIDE/plugins/com.st.stm32cube.ide.mcu.externaltools.gnu-tools-for-stm32.12.3.rel1.win32_1.0.100.202403111256/tools/bin/../lib/gcc/arm-none-eabi/12.3.1/../../../../arm-none-eabi/lib/thumb/v7e-m+dp/hard\libm.a
LOAD C:/ST/STM32CubeIDE_1.15.0/STM32CubeIDE/plugins/com.st.stm32cube.ide.mcu.externaltools.gnu-tools-for-stm32.12.3.rel1.win32_1.0.100.202403111256/tools/bin/../lib/gcc/arm-none-eabi/12.3.1/thumb/v7e-m+dp/hard\libgcc.a

.debug_info     0x00000000     0x1886
 .debug_info    0x00000000      0x427 ./Drivers/Src/gpio_drv.o
 .debug_info    0x00000427      0x3ca ./Drivers/Src/rcc_drv.o
 .debug_info    0x000007f1      0x2ce ./Src/bsp.o
 .debug_info    0x00000abf      0x2fd ./Src/clock.o
 .debug_info    0x00000dbc      0x12d ./Src/main.o
 .debug_info    0x00000ee9      0x6a3 ./Src/system.o
 .debug_info    0x0000158c      0x1b7 ./Src/timer.o
 .debug_info    0x00001743      0x113 ./Src/watchdog.o
 .debug_info    0x00001856       0x30 ./Startup/startup_stm32f767zitx.o

.debug_abbrev   0x00000000      0x9e2
 .debug_abbrev  0x00000000      0x1ca ./Drivers/Src/gpio_drv.o
 .debug_abbrev  0x000001ca       0xed ./Drivers/Src/rcc_drv.o
 .debug_abbrev  0x000002b7      0x179 ./Src/bsp.o
 .debug_abbrev  0x00000430      0x10c ./Src/clock.o
 .debug_abbrev  0x0000053c       0xd3 ./Src/main.o
 .debug_abbrev  0x0000060f      0x1c4 ./Src/system.o
 .debug_abbrev  0x000007d3      0x133 ./Src/timer.o
 .debug_abbrev  0x00000906       0xb8 ./Src/watchdog.o
 .debug_abbrev  0x000009be       0x24 ./Startup/startup_stm32f767zitx.o

.debug_aranges  0x00000000      0x1f0
 .debug_aranges
                0x00000000       0x50 ./Drivers/Src/gpio_drv.o
 .debug_aranges
                0x00000050       0x30 ./Drivers/Src/rcc_drv.o
 .debug_aranges
                0x00000080       0x28 ./Src/bsp.o
 .debug_aranges
                0x000000a8       0x20 ./Src/clock.o
 .debug_aranges
                0x000000c8       0x28 ./Src/main.o
 .debug_aranges
                0x000000f0       0x70 ./Src/system.o
 .debug_aranges
                0x00000160       0x38 ./Src/timer.o
 .debug_aranges
                0x00000198       0x30 ./Src/watchdog.o
 .debug_aranges
                0x000001c8       0x28 ./Startup/startup_stm32f767zitx.o

.debug_rnglists
                0x00000000      0x14a
 .debug_rnglists
                0x00000000       0x37 ./Drivers/Src/gpio_drv.o
 .debug_rnglists
                0x00000037       0x20 ./Drivers/Src/rcc_drv.o
 .debug_rnglists
                0x00000057       0x19 ./Src/bsp.o
 .debug_rnglists
                0x00000070       0x14 ./Src/clock.o
 .debug_rnglists
                0x00000084       0x19 ./Src/main.o
 .debug_rnglists
                0x0000009d       0x50 ./Src/system.o
 .debug_rnglists
                0x000000ed       0x25 ./Src/timer.o
 .debug_rnglists
                0x00000112       0x1f ./Src/watchdog.o
 .debug_rnglists
                0x00000131       0x19 ./Startup/startup_stm32f767zitx.o

.debug_macro    0x00000000      0x7a9
 .debug_macro   0x00000000       0xd6 ./Drivers/Src/gpio_drv.o
 .debug_macro   0x000000d6       0xd6 ./Drivers/Src/rcc_drv.o
 .debug_macro   0x000001ac       0xec ./Src/bsp.o
 .debug_macro   0x00000298       0xdf ./Src/clock.o
 .debug_macro   0x00000377       0x16 ./Src/clock.o
 .debug_macro   0x0000038d      0x156 ./Src/main.o
 .debug_macro   0x000004e3      0x111 ./Src/system.o
 .debug_macro   0x000005f4       0xd6 ./Src/timer.o
 .debug_macro   0x000006ca       0xdf ./Src/watchdog.o

.debug_line     0x00000000     0x3025
 .debug_line    0x00000000      0x662 ./Drivers/Src/gpio_drv.o
 .debug_line    0x00000662      0x634 ./Drivers/Src/rcc_drv.o
 .debug_line    0x00000c96      0x556 ./Src/bsp.o
 .debug_line    0x000011ec      0x5a4 ./Src/clock.o
 .debug_line    0x00001790      0x62f ./Src/main.o
 .debug_line    0x00001dbf      0x74a ./Src/system.o
 .debug_line    0x00002509      0x55b ./Src/timer.o
 .debug_line    0x00002a64      0x546 ./Src/watchdog.o
 .debug_line    0x00002faa       0x7b ./Startup/startup_stm32f767zitx.o

.debug_str      0x00000000    0xa39d7
 .debug_str     0x00000000    0xa338f ./Drivers/Src/gpio_drv.o
                              0xa352a (size before relaxing)
 .debug_str     0x000a338f      0x18a ./Drivers/Src/rcc_drv.o
                              0xa34e9 (size before relaxing)
 .debug_str     0x000a3519       0x47 ./Src/bsp.o
                              0xa351a (size before relaxing)
 .debug_str     0x000a3560       0xa0 ./Src/clock.o
                              0xa34e1 (size before relaxing)
 .debug_str     0x000a3600       0xc8 ./Src/main.o
                              0xa347b (size before relaxing)
 .debug_str     0x000a36c8      0x255 ./Src/system.o
                              0xa3656 (size before relaxing)
 .debug_str     0x000a391d       0x4d ./Src/timer.o
                              0xa33d9 (size before relaxing)
 .debug_str     0x000a396a       0x2e ./Src/watchdog.o
                              0xa33b5 (size before relaxing)
 .debug_str     0x000a3998       0x3f ./Startup/startup_stm32f767zitx.o
                                 0x7c (size before relaxing)

.comment        0x00000000       0x43
 .comment       0x00000000       0x43 ./Drivers/Src/gpio_drv.o
                                 0x44 (size before relaxing)
 .comment       0x00000043       0x44 ./Drivers/Src/rcc_drv.o
 .comment       0x00000043       0x44 ./Src/bsp.o
 .comment       0x00000043       0x44 ./Src/clock.o
 .comment       0x00000043       0x44 ./Src/main.o
 .comment       0x00000043       0x44 ./Src/system.o
 .comment       0x00000043       0x44 ./Src/timer.o
 .comment       0x00000043       0x44 ./Src/watchdog.o

.debug_frame    0x00000000      0x528
 .debug_frame   0x00000000      0x124 ./Drivers/Src/gpio_drv.o
 .debug_frame   0x00000124       0x80 ./Drivers/Src/rcc_drv.o
 .debug_frame   0x000001a4       0x48 ./Src/bsp.o
 .debug_frame   0x000001ec       0x38 ./Src/clock.o
 .debug_frame   0x00000224       0x58 ./Src/main.o
 .debug_frame   0x0000027c      0x178 ./Src/system.o
 .debug_frame   0x000003f4       0x9c ./Src/timer.o
 .debug_frame   0x00000490       0x6c ./Src/watchdog.o
 .debug_frame   0x000004fc       0x2c C:/ST/STM32CubeIDE_1.15.0/STM32CubeIDE/plugins/com.st.stm32cube.ide.mcu.externaltools.gnu-tools-for-stm32.12.3.rel1.win32_1.0.100.202403111256/tools/bin/../lib/gcc/arm-none-eabi/12.3.1/../../../../arm-none-eabi/lib/thumb/v7e-m+dp/hard\libc_nano.a(libc_a-init.o)

.debug_line_str
                0x00000000       0x60
 .debug_line_str
                0x00000000       0x60 ./Startup/startup_stm32f767zitx.o
