../Drivers/CMSIS/Include/core_cm7.h:2229:22:SCB_EnableICache	4	static,ignoring_inline_asm
../Drivers/CMSIS/Include/core_cm7.h:2281:22:SCB_EnableDCache	24	static,ignoring_inline_asm
../Src/system.c:12:6:fpu_enable	4	static,ignoring_inline_asm
../Src/system.c:22:6:cache_enable	8	static
../Src/system.c:28:6:systick_init	16	static
../Src/system.c:39:6:nvic_init	4	static
../Src/system.c:48:6:mpu_init	4	static
../Src/system.c:82:6:power_init	4	static
../Src/system.c:88:6:HardFault_Handler	4	static,ignoring_inline_asm
../Src/system.c:96:6:MemManage_Handler	4	static,ignoring_inline_asm
../Src/system.c:103:6:system_init	8	static
