../Drivers/CMSIS/Include/core_cm7.h:2229:22:SCB_EnableICache	4	static,ignoring_inline_asm
../Drivers/CMSIS/Include/core_cm7.h:2281:22:SCB_EnableDCache	24	static,ignoring_inline_asm
../Src/system.c:9:6:fpu_enable	4	static,ignoring_inline_asm
../Src/system.c:19:6:cache_enable	8	static
../Src/system.c:25:6:systick_init	16	static
../Src/system.c:36:6:nvic_init	4	static
../Src/system.c:45:6:watchdog_init	4	static
../Src/system.c:51:6:mpu_init	4	static
../Src/system.c:85:6:gpio_init	4	static
../Src/system.c:90:6:power_init	4	static
../Src/system.c:96:6:HardFault_Handler	4	static
../Src/system.c:101:6:MemManage_Handler	4	static
../Src/system.c:106:6:system_init	8	static
